[coinstarmining.online/index.html]
[backblue.gif]
[fade.gif]
[index.html]
[coinstarmining.online/favicon.png]
[coinstarmining.online/cdnjs.cloudflare.com/ajax/libs/font-awesome/4.4.0/css/font-awesome.min.html]
[coinstarmining.online/css/main.css]
[coinstarmining.online/css/animate.min.css]
[coinstarmining.online/js/manifest.json]
[coinstarmining.online/images/icon/apple-touch-icon.png]
[coinstarmining.online/images/icon/apple-touch-icon-114x114.png]
[coinstarmining.online/images/icon/apple-touch-icon-144x144.png]
[coinstarmining.online/js/jquery.min.js]
[coinstarmining.online/js/jquery.form.js]
[coinstarmining.online/js/jquery-ui.js]
[coinstarmining.online/css/select2.min.css]
[coinstarmining.online/index-2.html]
[coinstarmining.online/images/Untitled-4best.png]
[coinstarmining.online/login.html]
[coinstarmining.online/register.html]
[coinstarmining.online/info/about.html]
[coinstarmining.online/info/terms.html]
[coinstarmining.online/faqs.html]
[coinstarmining.online/contact.html]
[coinstarmining.online/affiliate_program.html]
[coinstarmining.online/slick/slick.css]
[coinstarmining.online/slick/slick-theme.css]
[coinstarmining.online/images/912465.jpg]
[coinstarmining.online/images/913441.jpg]
[coinstarmining.online/js/jquery.fittext.js]
[coinstarmining.online/images/download-bitcoin.png]
[coinstarmining.online/images/add-bitcoins.png]
[coinstarmining.online/images/buy-sell-bitcoins.png]
[coinstarmining.online/images/about-us.png]
[coinstarmining.online/images/strong-security.png]
[coinstarmining.online/images/world-coverage.png]
[coinstarmining.online/images/payment-options.png]
[coinstarmining.online/images/mobile-app.png]
[coinstarmining.online/images/cost-efficiency.png]
[coinstarmining.online/images/high-liquidity.png]
[coinstarmining.online/js/jquery-modal-video.min.js]
[coinstarmining.online/css/modal-video.min.css]
[coinstarmining.online/css/ion.rangeSlider.css]
[coinstarmining.online/css/ion.rangeSlider.skinHTML5.css]
[coinstarmining.online/js/ion.rangeSlider.min.js]
[coinstarmining.online/images/avatar.png]
[coinstarmining.online/uploads/small/4991597591857.png]
[coinstarmining.online/uploads/small/6981597591504.png]
[coinstarmining.online/uploads/small/4941597591323.png]
[coinstarmining.online/uploads/small/4111597591055.png]
[coinstarmining.online/uploads/small/5761597590797.png]
[coinstarmining.online/uploads/small/5511597007223.png]
[coinstarmining.online/uploads/small/5321597006964.png]
[coinstarmining.online/uploads/small/5221597006888.png]
[coinstarmining.online/uploads/small/6961597006775.png]
[coinstarmining.online/uploads/small/6391597006127.png]
[coinstarmining.online/widgets.bitcoin.com/widget.html]
[coinstarmining.online/js/select2.min.js]
[coinstarmining.online/slick/slick.js]
[coinstarmining.online/slick/slick-animation.min.js]
[coinstarmining.online/get-started.html]
[coinstarmining.online/fpass.html]
[coinstarmining.online/images/5b55bb652af1a.png]
[coinstarmining.online/images/1532345051h7.png]
[coinstarmining.online/images/1532345115h7.png]
[coinstarmining.online/index.html]
[coinstarmining.online/cdnjs.cloudflare.com/ajax/libs/font-awesome/4.4.0/css/font-awesome.min.html]
[coinstarmining.online/js/particle.js]
[coinstarmining.online/fonts/museo-sans-300-webfont.eot]
[coinstarmining.online/fonts/museo-sans-300-webfontd41dd41dd41d.eot]
[coinstarmining.online/fonts/museo-sans-300-webfont.woff]
[coinstarmining.online/fonts/museo-sans-300-webfont.ttf]
[coinstarmining.online/fonts/museo-sans-300-webfont.svg]
[coinstarmining.online/fonts/museo-sans-300-italic-webfont.eot]
[coinstarmining.online/fonts/museo-sans-300-italic-webfontd41dd41dd41d.eot]
[coinstarmining.online/fonts/museo-sans-300-italic-webfont.woff]
[coinstarmining.online/fonts/museo-sans-300-italic-webfont.ttf]
[coinstarmining.online/fonts/museo-sans-300-italic-webfont.svg]
[coinstarmining.online/fonts/museo-sans-500-webfont.eot]
[coinstarmining.online/fonts/museo-sans-500-webfontd41dd41dd41d.eot]
[coinstarmining.online/fonts/museo-sans-500-webfont.woff]
[coinstarmining.online/fonts/museo-sans-500-webfont.ttf]
[coinstarmining.online/fonts/museo-sans-500-webfont.svg]
[coinstarmining.online/fonts/museo-sans-500-italic-webfont.eot]
[coinstarmining.online/fonts/museo-sans-500-italic-webfontd41dd41dd41d.eot]
[coinstarmining.online/fonts/museo-sans-500-italic-webfont.woff]
[coinstarmining.online/fonts/museo-sans-500-italic-webfont.ttf]
[coinstarmining.online/fonts/museo-sans-500-italic-webfont.svg]
[coinstarmining.online/fonts/museo-sans-700-webfont.eot]
[coinstarmining.online/fonts/museo-sans-700-webfontd41dd41dd41d.eot]
[coinstarmining.online/fonts/museo-sans-700-webfont.woff]
[coinstarmining.online/fonts/museo-sans-700-webfont.ttf]
[coinstarmining.online/fonts/museo-sans-700-webfont.svg]
[coinstarmining.online/fonts/museo-sans-700-italic-webfont.eot]
[coinstarmining.online/fonts/museo-sans-700-italic-webfontd41dd41dd41d.eot]
[coinstarmining.online/fonts/museo-sans-700-italic-webfont.woff]
[coinstarmining.online/fonts/museo-sans-700-italic-webfont.ttf]
[coinstarmining.online/fonts/museo-sans-700-italic-webfont.svg]
[coinstarmining.online/images/888104.jpg]
[coinstarmining.online/images/Bitcoin-12.jpg]
[coinstarmining.online/images/dotted-world-map-vector-1.png]
[coinstarmining.online/images/diamond.jpg]
[coinstarmining.online/css/main.css]
[coinstarmining.online/css/animate.min.css]
[coinstarmining.online/translate.google.com/translate_a/elementa0d8a0d8.html]
[coinstarmining.online/images/icon/icon-192.html]
[coinstarmining.online/images/icon/apple-touch-icon-57x57.html]
[coinstarmining.online/images/icon/apple-touch-icon-72x72.html]
[coinstarmining.online/js/jquery.min.js]
[coinstarmining.online/js/jquery-ui.js]
[coinstarmining.online/js/jquery.form.js]
[coinstarmining.online/css/select2.min.css]
[coinstarmining.online/index-2.html]
[coinstarmining.online/temp/lib/bootstrap/css/bootstrap.min.css]
[coinstarmining.online/temp/lib/font-awesome/css/font-awesome.min.css]
[coinstarmining.online/temp/lib/animate/animate.min.css]
[coinstarmining.online/temp/lib/ionicons/css/ionicons.min.css]
[coinstarmining.online/temp/lib/owl.carousel/assets/owl.carousel.min.css]
[coinstarmining.online/temp/lib/icofont/icofont.min.css]
[coinstarmining.online/temp/lib/aos/aos.css]
[coinstarmining.online/temp/lib/venobox/venobox.css]
[coinstarmining.online/temp/css/frontend_style_blue.css]
[coinstarmining.online/temp/lib/jquery/jquery.min.js]
[coinstarmining.online/temp/lib/bootstrap/js/bootstrap.bundle.min.js]
[coinstarmining.online/temp/lib/jquery.easing/jquery.easing.min.js]
[coinstarmining.online/temp/lib/waypoints/jquery.waypoints.min.js]
[coinstarmining.online/temp/lib/counterup/counterup.min.js]
[coinstarmining.online/temp/lib/isotope-layout/isotope.pkgd.min.js]
[coinstarmining.online/temp/lib/venobox/venobox.min.js]
[coinstarmining.online/temp/lib/owl.carousel/owl.carousel.min.js]
[coinstarmining.online/temp/lib/aos/aos.js]
[coinstarmining.online/temp/js/main.js]
[coinstarmining.online/password/reset.html]
[coinstarmining.online/login.html]
[coinstarmining.online/Account/dashboard.html]
[ajax.googleapis.com/ajax/libs/jquery/1.9.1/jquery.min.js]
[coinstarmining.online/register.html]
[coinstarmining.online/info/about.html]
[coinstarmining.online/info/terms.html]
[coinstarmining.online/faqs.html]
[coinstarmining.online/contact.html]
[coinstarmining.online/affiliate_program.html]
[coinstarmining.online/slick/slick.css]
[coinstarmining.online/slick/ajax-loader.gif]
[coinstarmining.online/slick/fonts/slick.eot]
[coinstarmining.online/slick/fonts/slickd41dd41dd41d.eot]
[coinstarmining.online/slick/fonts/slick.woff]
[coinstarmining.online/slick/fonts/slick.ttf]
[coinstarmining.online/slick/slick-theme.css]
[coinstarmining.online/js/jquery.fittext.js]
[coinstarmining.online/js/jquery-modal-video.min.js]
[coinstarmining.online/css/modal-video.min.css]
[coinstarmining.online/css/ion.rangeSlider.css]
[coinstarmining.online/css/ion.rangeSlider.skinHTML5.css]
[coinstarmining.online/js/ion.rangeSlider.min.js]
[coinstarmining.online/widgets.bitcoin.com/widget.html]
[coinstarmining.online/js/select2.min.js]
[coinstarmining.online/slick/slick.js]
[coinstarmining.online/slick/slick-animation.min.js]
[coinstarmining.online/slick/fonts/slick.svg]
[coinstarmining.online/images/blockchain.png]
[coinstarmining.online/images/coinbase.png]
[coinstarmining.online/get-started.html]
[coinstarmining.online/fpass.html]
[coinstarmining.online/js/regvalidation.js]
[coinstarmining.online/js/particle.js]
[coinstarmining.online/fonts/museo-sans-300-webfont.svg]
[coinstarmining.online/fonts/museo-sans-300-italic-webfont.svg]
[coinstarmining.online/fonts/museo-sans-500-webfont.svg]
[coinstarmining.online/fonts/museo-sans-500-italic-webfont.svg]
[coinstarmining.online/fonts/museo-sans-700-webfont.svg]
[coinstarmining.online/fonts/museo-sans-700-italic-webfont.svg]
[coinstarmining.online/images/onerror.html]
[coinstarmining.online/images/success.html]
[coinstarmining.online/images/notice.html]
[coinstarmining.online/images/error.html]
[coinstarmining.online/images/warning.html]
[coinstarmining.online/images/check.html]
[coinstarmining.online/temp/lib/bootstrap/css/bootstrap.min.css]
[coinstarmining.online/temp/lib/font-awesome/css/font-awesome.min.css]
[coinstarmining.online/temp/lib/animate/animate.min.css]
[coinstarmining.online/temp/lib/ionicons/css/ionicons.min.css]
[coinstarmining.online/temp/lib/owl.carousel/assets/owl.carousel.min.css]
[coinstarmining.online/temp/lib/icofont/icofont.min.css]
[coinstarmining.online/temp/lib/jquery/magnific-popup.css]
[coinstarmining.online/temp/lib/aos/aos.css]
[coinstarmining.online/temp/lib/venobox/venobox.css]
[coinstarmining.online/temp/css/frontend_style_blue.css]
[coinstarmining.online/temp/lib/jquery/jquery.min.js]
[coinstarmining.online/temp/lib/bootstrap/js/bootstrap.bundle.min.js]
[coinstarmining.online/temp/lib/jquery.easing/jquery.easing.min.js]
[coinstarmining.online/temp/lib/php-email-form/validate.js]
[coinstarmining.online/temp/lib/waypoints/jquery.waypoints.min.js]
[coinstarmining.online/temp/lib/counterup/counterup.min.js]
[coinstarmining.online/temp/lib/isotope-layout/isotope.pkgd.min.js]
[coinstarmining.online/temp/lib/venobox/venobox.min.js]
[coinstarmining.online/temp/lib/owl.carousel/owl.carousel.min.js]
[coinstarmining.online/temp/lib/aos/aos.js]
[coinstarmining.online/temp/js/main.js]
[coinstarmining.online/password/reset.html]
[coinstarmining.online/Account/dash/js/plugin/webfont/webfont.min.js]
[coinstarmining.online/Account/dash/js/plugin/sweetalert/sweetalert.min.js]
[coinstarmining.online/Account/dash/css/bootstrap.min.css]
[coinstarmining.online/Account/dash/css/fonts.min.css]
[coinstarmining.online/Account/dash/css/atlantis.min.css]
[coinstarmining.online/Account/dash/css/customs.css]
[coinstarmining.online/Account/dash/css/style.css]
[cdn.datatables.net/v/bs4/dt-1.10.21/af-2.3.5/b-1.6.3/b-flash-1.6.3/b-html5-1.6.3/b-print-1.6.3/r-2.2.5/datatables.min.css]
[ajax.googleapis.com/ajax/libs/jquery/3.4.1/jquery.min.js]
[coinstarmining.online/Account/dashboard/notification.html]
[coinstarmining.online/Account/dashboard/changepassword.html]
[coinstarmining.online/Account/dashboard/profile.html]
[coinstarmining.online/Account/dashboard/accountdetails.html]
[coinstarmining.online/Account/dashboard/support.html]
[coinstarmining.online/Account/dashboard/accounthistory.html]
[coinstarmining.online/Account/dashboard/deposits.html]
[coinstarmining.online/Account/dashboard/withdrawals.html]
[coinstarmining.online/Account/dashboard/mplans.html]
[coinstarmining.online/Account/dashboard/referuser.html]
[s3.tradingview.com/tv.js]
[s3.tradingview.com/external-embedding/embed-widget-forex-cross-rates.js]
[coinstarmining.online/Account/dash/js/core/jquery.3.2.1.min.js]
[coinstarmining.online/Account/dash/js/core/popper.min.js]
[coinstarmining.online/Account/dash/js/core/bootstrap.min.js]
[coinstarmining.online/Account/dash/js/plugin/jquery-ui-1.12.1.custom/jquery-ui.min.js]
[coinstarmining.online/Account/dash/js/plugin/jquery-ui-touch-punch/jquery.ui.touch-punch.min.js]
[coinstarmining.online/Account/dash/js/plugin/jquery-scrollbar/jquery.scrollbar.min.js]
[coinstarmining.online/Account/dash/js/plugin/jquery.sparkline/jquery.sparkline.min.js]
[coinstarmining.online/Account/dash/js/plugin/bootstrap-notify/bootstrap-notify.min.js]
[cdn.datatables.net/v/bs4/dt-1.10.21/af-2.3.5/b-1.6.3/b-flash-1.6.3/b-html5-1.6.3/b-print-1.6.3/r-2.2.5/datatables.min.js]
[coinstarmining.online/Account/dash/js/atlantis.min.js]
[coinstarmining.online/Account/dashboard.html]
[coinstarmining.online/stemp/lib/icofont/icofont.min.html]
[coinstarmining.online/info/login.html]
[coinstarmining.online/info/register.html]
[coinstarmining.online/js/mail.js]
[coinstarmining.online/slick/fonts/slick.svg]
[coinstarmining.online/core/index.html]
[coinstarmining.online/Account/dash/js/atlantis.js]
[coinstarmining.online/js/regvalidation.js]
[coinstarmining.online/GET.html]
[coinstarmining.online/Error pJS - No image.html]
[coinstarmining.online/temp/lib/font-awesome/fonts/fontawesome-webfont3e6e.html]
[coinstarmining.online/temp/lib/font-awesome/fonts/fontawesome-webfontd41d.html]
[coinstarmining.online/temp/lib/font-awesome/fonts/fontawesome-webfont3e6e-2.html]
[coinstarmining.online/temp/lib/font-awesome/fonts/fontawesome-webfont3e6e-3.html]
[coinstarmining.online/temp/lib/font-awesome/fonts/fontawesome-webfont3e6e-4.html]
[coinstarmining.online/temp/lib/font-awesome/fonts/fontawesome-webfont3e6e-5.html]
[coinstarmining.online/temp/lib/ionicons/fonts/ionicons28b5.html]
[coinstarmining.online/temp/lib/ionicons/fonts/ionicons28b5-2.html]
[coinstarmining.online/temp/lib/ionicons/fonts/ionicons28b5-3.html]
[coinstarmining.online/temp/lib/ionicons/fonts/ionicons28b5-4.html]
[coinstarmining.online/temp/lib/owl.carousel/assets/owl.video.play.html]
[coinstarmining.online/temp/lib/icofont/fonts/icofont.html]
[coinstarmining.online/temp/lib/icofont/fonts/icofont-2.html]
[coinstarmining.online/temp/img/about-bg.html]
[coinstarmining.online/dist/index.html]
[coinstarmining.online/cloud/app/images/ahwg.html]
[coinstarmining.online/Account/dash/js/plugin/webfont/webfont.min.js]
[coinstarmining.online/Account/dash/js/plugin/sweetalert/sweetalert.min.js]
[coinstarmining.online/Account/dash/css/bootstrap.min.css]
[coinstarmining.online/Account/dash/fonts/flaticon/Flaticon.woff]
[coinstarmining.online/Account/dash/fonts/fontawesome/fa-solid-900.woff2]
[coinstarmining.online/Account/dash/fonts/simple-line-icons/Simple-Line-Iconsb26c.woff2]
[coinstarmining.online/Account/dash/css/fonts.min.css]
[coinstarmining.online/Account/dash/css/atlantis.min.css]
[coinstarmining.online/Account/dash/css/customs.css]
[coinstarmining.online/Account/dash/css/style.css]
[cdn.datatables.net/v/bs4/dt-1.10.21/af-2.3.5/b-1.6.3/b-flash-1.6.3/b-html5-1.6.3/b-print-1.6.3/r-2.2.5/datatables.min.css]
[coinstarmining.online/Account/dashboard/notification.html]
[coinstarmining.online/Account/dashboard/changepassword.html]
[coinstarmining.online/Account/dashboard/profile.html]
[coinstarmining.online/Account/logout/index.html]
[coinstarmining.online/Account/dashboard/accountdetails.html]
[coinstarmining.online/Account/dashboard/support.html]
[coinstarmining.online/Account/dashboard/accounthistory.html]
[cdnjs.cloudflare.com/ajax/libs/font-awesome/6.0.0-beta2/css/all.min.css]
[coinstarmining.online/Account/dashboard/payment9d6c.html]
[coinstarmining.online/Account/dashboard/payment4cf1.html]
[coinstarmining.online/Account/dashboard/deposits.html]
[coinstarmining.online/Account/dashboard/withdrawals.html]
[coinstarmining.online/Account/dashboard/mplans.html]
[coinstarmining.online/Account/dashboard/referuser.html]
[coinstarmining.online/Account/dash/js/core/jquery.3.2.1.min.js]
[coinstarmining.online/Account/dash/js/core/popper.min.js]
[coinstarmining.online/Account/dashboard/paymentae86.html]
[coinstarmining.online/Account/dash/js/core/bootstrap.min.js]
[coinstarmining.online/Account/dash/js/customs.js]
[coinstarmining.online/Account/dash/js/plugin/jquery-ui-1.12.1.custom/jquery-ui.min.js]
[coinstarmining.online/Account/dash/js/plugin/jquery-ui-touch-punch/jquery.ui.touch-punch.min.js]
[coinstarmining.online/Account/dash/js/plugin/jquery-scrollbar/jquery.scrollbar.min.js]
[coinstarmining.online/Account/dash/js/plugin/jquery.sparkline/jquery.sparkline.min.js]
[coinstarmining.online/Account/dash/js/plugin/bootstrap-notify/bootstrap-notify.min.js]
[coinstarmining.online/Account/dash/js/atlantis.min.js]
[coinstarmining.online/Account/dash/js/atlantis.js]
[coinstarmining.online/include/email03d2.html]
[coinstarmining.online/include/cpass03d2.html]
[coinstarmining.online/Account/dash/fonts/flaticon/Flaticon.html]
[coinstarmining.online/Account/dash/fonts/flaticon/Flaticond41d.html]
[coinstarmining.online/Account/dash/fonts/flaticon/Flaticon-2.html]
[coinstarmining.online/Account/dash/fonts/flaticon/Flaticon-3.html]
[coinstarmining.online/Account/dash/fonts/fontawesome/fa-brands-400.html]
[coinstarmining.online/Account/dash/fonts/fontawesome/fa-brands-400d41d.html]
[coinstarmining.online/Account/dash/fonts/fontawesome/fa-brands-401.html]
[coinstarmining.online/Account/dash/fonts/fontawesome/fa-brands-402.html]
[coinstarmining.online/Account/dash/fonts/fontawesome/fa-brands-403.html]
[coinstarmining.online/Account/dash/fonts/fontawesome/fa-brands-404.html]
[coinstarmining.online/Account/dash/fonts/fontawesome/fa-regular-400.html]
[coinstarmining.online/Account/dash/fonts/fontawesome/fa-regular-400d41d.html]
[coinstarmining.online/Account/dash/fonts/fontawesome/fa-regular-401.html]
[coinstarmining.online/Account/dash/fonts/fontawesome/fa-regular-402.html]
[coinstarmining.online/Account/dash/fonts/fontawesome/fa-regular-403.html]
[coinstarmining.online/Account/dash/fonts/fontawesome/fa-regular-404.html]
[coinstarmining.online/Account/dash/fonts/fontawesome/fa-solid-900.html]
[coinstarmining.online/Account/dash/fonts/fontawesome/fa-solid-900d41d.html]
[coinstarmining.online/Account/dash/fonts/fontawesome/fa-solid-901.html]
[coinstarmining.online/Account/dash/fonts/fontawesome/fa-solid-902.html]
[coinstarmining.online/Account/dash/fonts/fontawesome/fa-solid-903.html]
[coinstarmining.online/Account/dash/fonts/simple-line-icons/Simple-Line-Iconsb26c.html]
[coinstarmining.online/Account/dash/fonts/simple-line-icons/Simple-Line-Iconsb26c-2.html]
[coinstarmining.online/Account/dash/fonts/simple-line-icons/Simple-Line-Iconsb26c-3.html]
[coinstarmining.online/Account/dash/fonts/simple-line-icons/Simple-Line-Iconsb26c-4.html]
[coinstarmining.online/Account/dash/img/img-shadow.html]
[coinstarmining.online/Account/dash/img/profilebg.html]
[coinstarmining.online/Account/dashboard/notification-2.html]
[coinstarmining.online/Account/dashboard/changepassword-2.html]
[coinstarmining.online/Account/dashboard/profile-2.html]
[coinstarmining.online/Account/logout.html]
[coinstarmining.online/Account/dashboard/dash/js/plugin/webfont/webfont.min.html]
[coinstarmining.online/Account/dashboard/dash/js/plugin/sweetalert/sweetalert.min.html]
[coinstarmining.online/Account/dashboard/dash/css/bootstrap.min.html]
[coinstarmining.online/Account/dashboard/dash/css/fonts.min.html]
[coinstarmining.online/Account/dashboard/dash/css/atlantis.min.html]
[coinstarmining.online/Account/dashboard/dash/css/customs.html]
[coinstarmining.online/Account/dashboard/dash/css/style.html]
[coinstarmining.online/Account/dashboard/dashboard/notification.html]
[coinstarmining.online/Account/dashboard/dashboard/changepassword.html]
[coinstarmining.online/Account/dashboard/dashboard/profile.html]
[coinstarmining.online/Account/dashboard/logout.html]
[coinstarmining.online/Account/dashboard/dash/js/core/jquery.3.2.1.min.html]
[coinstarmining.online/Account/dashboard/dash/js/core/popper.min.html]
[coinstarmining.online/Account/dashboard/dash/js/core/bootstrap.min.html]
[coinstarmining.online/Account/dashboard/dash/js/customs.html]
[coinstarmining.online/Account/dashboard/dash/js/plugin/jquery-ui-1.12.1.custom/jquery-ui.min.html]
[coinstarmining.online/Account/dashboard/dash/js/plugin/jquery-ui-touch-punch/jquery.ui.touch-punch.min.html]
[coinstarmining.online/Account/dashboard/dash/js/plugin/jquery-scrollbar/jquery.scrollbar.min.html]
[coinstarmining.online/Account/dashboard/dash/js/plugin/jquery.sparkline/jquery.sparkline.min.html]
[coinstarmining.online/Account/dashboard/dash/js/plugin/bootstrap-notify/bootstrap-notify.min.html]
[coinstarmining.online/Account/dashboard/dash/js/atlantis.min.html]
[coinstarmining.online/Account/dashboard/dash/js/atlantis.html]
[coinstarmining.online/Account/dashboard/logout-2.html]
[cdnjs.cloudflare.com/ajax/libs/font-awesome/6.0.0-beta2/css/all.min.css]
[coinstarmining.online/Account/dashboard/payment9d6c.html]
[coinstarmining.online/Account/dashboard/payment4cf1.html]
[coinstarmining.online/Account/dashboard/paymentae86.html]
[coinstarmining.online/Account/popper.html]
[profile.coinstarmining.online/dash/js/plugin/webfont/webfont.min.js]
[profile.coinstarmining.online/dash/js/plugin/sweetalert/sweetalert.min.js]
[profile.coinstarmining.online/dash/css/bootstrap.min.css]
[profile.coinstarmining.online/dash/css/fonts.min.css]
[profile.coinstarmining.online/dash/css/atlantis.min.css]
[profile.coinstarmining.online/dash/css/customs.css]
[profile.coinstarmining.online/dash/css/style.css]
[profile.coinstarmining.online/dash/js/core/jquery.3.2.1.min.js]
[profile.coinstarmining.online/dash/js/core/popper.min.js]
[profile.coinstarmining.online/dash/js/core/bootstrap.min.js]
[profile.coinstarmining.online/dash/js/customs.js]
[profile.coinstarmining.online/dash/js/plugin/jquery-ui-1.12.1.custom/jquery-ui.min.js]
[profile.coinstarmining.online/dash/js/plugin/jquery-ui-touch-punch/jquery.ui.touch-punch.min.js]
[profile.coinstarmining.online/dash/js/plugin/jquery-scrollbar/jquery.scrollbar.min.js]
[profile.coinstarmining.online/dash/js/plugin/jquery.sparkline/jquery.sparkline.min.js]
[profile.coinstarmining.online/dash/js/plugin/bootstrap-notify/bootstrap-notify.min.js]
[profile.coinstarmining.online/dash/js/atlantis.min.js]
[profile.coinstarmining.online/dash/js/atlantis.js]
